// Jest Snapshot v1, https://goo.gl/fbAQLP

exports[`ProductCategoryRow should render a row with value as Product Category 1`] = `
<tr>
  <th
    colSpan="2"
  >
    Sporting Goods
  </th>
</tr>
`;
