// Jest Snapshot v1, https://goo.gl/fbAQLP

exports[`ProductRow should render a tabel of items 1`] = `
<div>
  <form>
    <input
      className="TextArea"
      onChange={[Function]}
      placeholder="Search..."
      type="text"
      value=""
    />
    <p>
      <input
        checked={false}
        className="CheckBox"
        onChange={[Function]}
        type="checkbox"
      />
       
      Only show products in stock
    </p>
  </form>
  
  <table>
    <thead>
      <tr>
        <th>
          Name
        </th>
        <th>
          Price
        </th>
      </tr>
    </thead>
    <tbody>
      <tr>
        <th
          colSpan="2"
        >
          Sporting Goods
        </th>
      </tr>
      <tr>
        <td>
          Football
        </td>
        <td>
          $49.99
        </td>
      </tr>
      <tr>
        <td>
          Baseball
        </td>
        <td>
          $9.99
        </td>
      </tr>
      <tr>
        <td>
          <span
            style={
              Object {
                "color": "red",
              }
            }
          >
            Basketball
          </span>
        </td>
        <td>
          $29.99
        </td>
      </tr>
      <tr>
        <th
          colSpan="2"
        >
          Electronics
        </th>
      </tr>
      <tr>
        <td>
          iPod Touch
        </td>
        <td>
          $99.99
        </td>
      </tr>
      <tr>
        <td>
          <span
            style={
              Object {
                "color": "red",
              }
            }
          >
            iPhone 5
          </span>
        </td>
        <td>
          $399.99
        </td>
      </tr>
      <tr>
        <td>
          Nexus 7
        </td>
        <td>
          $199.99
        </td>
      </tr>
    </tbody>
  </table>
</div>
`;
